============================= test session starts =============================
platform win32 -- Python 3.12.4, pytest-9.0.2, pluggy-1.6.0 -- C:\Users\riisr\AppData\Local\Programs\Python\Python312\python.exe
cachedir: .pytest_cache
rootdir: C:\Users\riisr\Documents\GitHub\PDFRecon
plugins: anyio-4.12.1, langsmith-0.7.1
collecting ... collected 4 items

tests/test_enhanced_forensics.py::TestEnhancedForensics::test_detect_stacked_filters_positive PASSED [ 25%]
tests/test_enhanced_forensics.py::TestEnhancedForensics::test_unbalanced_objects_count PASSED [ 50%]
tests/test_enhanced_forensics.py::TestEnhancedForensics::test_duplicate_object_ids FAILED [ 75%]
tests/test_enhanced_forensics.py::TestEnhancedForensics::test_version_feature_contradiction FAILED [100%]

================================== FAILURES ===================================
_______________ TestEnhancedForensics.test_duplicate_object_ids _______________

self = <tests.test_enhanced_forensics.TestEnhancedForensics object at 0x0000027B36E2DFD0>

    def test_duplicate_object_ids(self):
        content = "1 0 obj ... endobj \n 1 0 obj ... endobj"
        indicators = {}
        _detect_object_anomalies(content, mock.Mock(), indicators)
    
>       assert 'DuplicateObjectIDs' in indicators
E       AssertionError: assert 'DuplicateObjectIDs' in {'OrphanedObjects': {'count': 1, 'ids': [1]}}

tests\test_enhanced_forensics.py:45: AssertionError
__________ TestEnhancedForensics.test_version_feature_contradiction ___________

self = <tests.test_enhanced_forensics.TestEnhancedForensics object at 0x0000027B36E2E240>

    def test_version_feature_contradiction(self):
        # _detect_metadata_inconsistencies(txt, txt_lower, doc, indicators)
        mock_doc = mock.Mock()
        mock_doc.metadata = {'format': 'PDF 1.3'}
    
        doc_text = "/ObjStm"
        indicators = {}
        _detect_metadata_inconsistencies(doc_text, doc_text.lower(), mock_doc, indicators)
    
>       assert 'VersionFeatureContradiction' in indicators
E       AssertionError: assert 'VersionFeatureContradiction' in {}

tests\test_enhanced_forensics.py:57: AssertionError
=========================== short test summary info ===========================
FAILED tests/test_enhanced_forensics.py::TestEnhancedForensics::test_duplicate_object_ids
FAILED tests/test_enhanced_forensics.py::TestEnhancedForensics::test_version_feature_contradiction
========================= 2 failed, 2 passed in 0.33s =========================
